// Jest Snapshot v1, https://goo.gl/fbAQLP

exports[`selectors spec should re-render with no false negatives 1`] = `
<div>
  <div>
    <span>
      0
    </span>
    <button
      type="button"
    >
      inc1
    </button>
  </div>
  <div>
    <span>
      0
    </span>
    <button
      type="button"
    >
      inc2
    </button>
  </div>
</div>
`;

exports[`selectors spec should re-render with no false negatives 2`] = `
<div>
  <div>
    <span>
      1
    </span>
    <button
      type="button"
    >
      inc1
    </button>
  </div>
  <div>
    <span>
      0
    </span>
    <button
      type="button"
    >
      inc2
    </button>
  </div>
</div>
`;
